[www.natancunha.com/index.html]
[thumbor.cartpanda.com/qQ18B9rBbGFKatZxFS3w_AkuXhc=/32x32/https_/assets.mycartpanda.com/static/theme_images/10/df/5e/67038_5150604182.png]
[cdnjs.cloudflare.com/ajax/libs/cookieconsent2/3.0.3/cookieconsent.min.css]
[backblue.gif]
[fade.gif]
[index.html]
[stackpath.bootstrapcdn.com/font-awesome/4.7.0/css/font-awesome.min.css]
[natancunhashopbarber.mycartpanda.com/themes/void/310879/0/67038/compiled/theme6b9d.css]
[natancunhashopbarber.mycartpanda.com/themes/void/310879/67038/jquery.min4402.js]
[www.natancunha.com/js/libs/ga-events4d74.js]
[natancunhashopbarber.mycartpanda.com/themes/void/assets/timere0ac.png]
[www.natancunha.com/pages/biography.html]
[www.natancunha.com/pages/equipments.html]
[www.natancunha.com/pages/contact.html]
[thumbor.cartpanda.com/kWIXb_XjpYEv7S8vDnc3MY6sMWg=/110x0/https_/assets.mycartpanda.com/static/theme_images/10/df/5e/67038_6400096512.png]
[thumbor.cartpanda.com/TQCYCqvXRR6jev3dA4SIJm6sKV4=/110x0/https_/assets.mycartpanda.com/static/theme_images/10/df/5e/67038_4000265190.png]
[natancunhashopbarber.mycartpanda.com/themes/void/assets/template_slidere0ac.png]
[thumbor.cartpanda.com/lkY_YoiwwArVwQ72kZ3URBMrF5s=/800x0/https_/assets.mycartpanda.com/static/theme_images/10/df/5e/67038_0152716715.jpg]
[thumbor.cartpanda.com/iSpK15gkzplsvTy44lbbuUceNVA=/800x0/https_/assets.mycartpanda.com/static/theme_images/10/df/5e/67038_5146223109.jpg]
[thumbor.cartpanda.com/-H9-KZi3M3Zu3z2Q2oSPQtIx8WE=/800x0/https_/assets.mycartpanda.com/static/theme_images/10/df/5e/67038_0161954721.jpg]
[thumbor.cartpanda.com/-2k_XCG34ofvWjOV5bJK665Vvv4=/2048x0/https_/assets.mycartpanda.com/static/theme_images/10/df/5e/67038_1261109535.jpg]
[natancunhashopbarber.mycartpanda.com/themes/void/assets/dummye0ac.png]
[www.natancunha.com/cdn-cgi/l/email-protection.html]
[thumbor.cartpanda.com/kD0jxZeF-PkCb5UX7FVpCj8T4bI=/95x0/https_/assets.mycartpanda.com/static/theme_images/10/df/5e/67038_2561420515.png]
[www.natancunha.com/cart.html]
[natancunhashopbarber.mycartpanda.com/themes/void/assets/ajax-loadere0ac.gif]
[www.natancunha.com/cdn-cgi/scripts/5c5dd728/cloudflare-static/email-decode.min.js]
[natancunhashopbarber.mycartpanda.com/themes/void/310879/0/67038/compiled/timer_alla2a6.css]
[natancunhashopbarber.mycartpanda.com/themes/void/310879/0/67038/compiled/timer_new9de9.css]
[natancunhashopbarber.mycartpanda.com/themes/void/310879/67038/custom_cssdacb.css]
[cdnjs.cloudflare.com/ajax/libs/cookieconsent2/3.0.3/cookieconsent.min.js]
[natancunhashopbarber.mycartpanda.com/themes/void/310879/67038/vendor.mincb5b.js]
[natancunhashopbarber.mycartpanda.com/themes/void/310879/67038/skrollr5c80.js]
[natancunhashopbarber.mycartpanda.com/themes/void/310879/67038/jquery.themepunch.revolution_full.min5c80.js]
[natancunhashopbarber.mycartpanda.com/themes/void/310879/67038/isotope_full.pkgd.min5c80.js]
[natancunhashopbarber.mycartpanda.com/themes/void/310879/67038/jquery.magnific-popup.mind456.js]
[natancunhashopbarber.mycartpanda.com/themes/void/310879/67038/moment-momenttimezone.min5c80.js]
[natancunhashopbarber.mycartpanda.com/themes/void/310879/67038/jquery.countdown.mind456.js]
[natancunhashopbarber.mycartpanda.com/themes/void/310879/67038/jquery.instagramFeed.mineabe.js]
[natancunhashopbarber.mycartpanda.com/themes/void/310879/67038/themecb5b.js]
[natancunhashopbarber.mycartpanda.com/js/vue.js]
[www.natancunha.com/placeholders/image.svg]
[www.natancunha.com/account/login.html]
[www.natancunha.com/account/register.html]
[www.natancunha.com/js/custom-options-advance.js]
[www.natancunha.com/cdn-cgi/challenge-platform/scripts/invisible.js]
[www.natancunha.com/index.html]
[cdnjs.cloudflare.com/ajax/libs/cookieconsent2/3.0.3/cookieconsent.min.css]
[stackpath.bootstrapcdn.com/font-awesome/4.7.0/css/font-awesome.min.css]
[www.natancunha.com/cdn-cgi/challenge-platform/h/b/scripts/jsd/938e2b5c/invisible.js]
[natancunhashopbarber.mycartpanda.com/themes/void/310879/0/67038/images/gradient/g30.png]
[natancunhashopbarber.mycartpanda.com/themes/void/310879/0/67038/images/gradient/g40.png]
[natancunhashopbarber.mycartpanda.com/themes/void/310879/0/67038/external/rs-plugin/assets/shadow1.png]
[natancunhashopbarber.mycartpanda.com/themes/void/310879/0/67038/external/rs-plugin/assets/shadow2.png]
[natancunhashopbarber.mycartpanda.com/themes/void/310879/0/67038/external/rs-plugin/assets/shadow3.png]
[natancunhashopbarber.mycartpanda.com/themes/void/310879/0/67038/external/rs-plugin/assets/gridtile.png]
[natancunhashopbarber.mycartpanda.com/themes/void/310879/0/67038/external/rs-plugin/assets/gridtile_white.png]
[natancunhashopbarber.mycartpanda.com/themes/void/310879/0/67038/external/rs-plugin/assets/gridtile_3x3.png]
[natancunhashopbarber.mycartpanda.com/themes/void/310879/0/67038/external/rs-plugin/assets/gridtile_3x3_white.png]
[natancunhashopbarber.mycartpanda.com/themes/void/310879/0/67038/external/rs-plugin/assets/boxed_bgtile.png]
[natancunhashopbarber.mycartpanda.com/themes/void/310879/0/67038/external/rs-plugin/assets/navigdots_bgtile.png]
[natancunhashopbarber.mycartpanda.com/themes/void/310879/0/67038/external/rs-plugin/assets/bullets.png]
[natancunhashopbarber.mycartpanda.com/themes/void/310879/0/67038/external/rs-plugin/assets/bullets2.png]
[natancunhashopbarber.mycartpanda.com/themes/void/310879/0/67038/external/rs-plugin/assets/bullet_boxed.png]
[natancunhashopbarber.mycartpanda.com/themes/void/310879/0/67038/external/rs-plugin/assets/navigdots.png]
[natancunhashopbarber.mycartpanda.com/themes/void/310879/0/67038/external/rs-plugin/assets/large_left.png]
[natancunhashopbarber.mycartpanda.com/themes/void/310879/0/67038/external/rs-plugin/assets/large_right.png]
[natancunhashopbarber.mycartpanda.com/themes/void/310879/0/67038/compiled/small_left.png]
[natancunhashopbarber.mycartpanda.com/themes/void/310879/0/67038/compiled/small_right.png]
[natancunhashopbarber.mycartpanda.com/themes/void/310879/0/67038/external/rs-plugin/assets/arrow_left.png]
[natancunhashopbarber.mycartpanda.com/themes/void/310879/0/67038/external/rs-plugin/assets/arrow_right.png]
[natancunhashopbarber.mycartpanda.com/themes/void/310879/0/67038/external/rs-plugin/assets/small_left_boxed.png]
[natancunhashopbarber.mycartpanda.com/themes/void/310879/0/67038/external/rs-plugin/assets/small_right_boxed.png]
[natancunhashopbarber.mycartpanda.com/themes/void/310879/0/67038/external/rs-plugin/assets/arrowleft.png]
[natancunhashopbarber.mycartpanda.com/themes/void/310879/0/67038/external/rs-plugin/assets/arrowright.png]
[natancunhashopbarber.mycartpanda.com/themes/void/310879/0/67038/external/rs-plugin/assets/arrow_left2.png]
[natancunhashopbarber.mycartpanda.com/themes/void/310879/0/67038/external/rs-plugin/assets/arrow_right2.png]
[natancunhashopbarber.mycartpanda.com/themes/void/310879/0/67038/compiled/coloredbg.png]
[natancunhashopbarber.mycartpanda.com/themes/void/310879/0/67038/external/rs-plugin/assets/loader.gif]
[natancunhashopbarber.mycartpanda.com/themes/void/310879/0/67038/compiled/tt-gift-box-border2.png]
[natancunhashopbarber.mycartpanda.com/themes/void/310879/0/67038/compiled/tt-gift-box-border1.png]
[natancunhashopbarber.mycartpanda.com/themes/void/310879/0/67038/compiled/cross_20.png]
[natancunhashopbarber.mycartpanda.com/themes/void/310879/0/67038/compiled/cross_40.png]
[natancunhashopbarber.mycartpanda.com/themes/void/310879/0/67038/compiled/cross_30.png]
[natancunhashopbarber.mycartpanda.com/themes/void/310879/0/67038/compiled/cross_60.png]
[natancunhashopbarber.mycartpanda.com/themes/void/310879/0/67038/compiled/popup_newsletter_image.png]
[natancunhashopbarber.mycartpanda.com/themes/void/310879/0/67038/compiled/theme6b9d.css]
[natancunhashopbarber.mycartpanda.com/themes/void/310879/67038/vendor.minfa71.js]
[natancunhashopbarber.mycartpanda.com/themes/void/310879/67038/collections-filtres4879.js]
[natancunhashopbarber.mycartpanda.com/themes/void/310879/67038/jquery.instagramFeed.min4879.js]
[www.natancunha.com/pages/biography.html]
[www.natancunha.com/pages/equipments.html]
[www.natancunha.com/pages/contact.html]
[www.natancunha.com/cdn-cgi/l/email-protection.html]
[natancunhashopbarber.mycartpanda.com/themes/void/310879/67038/themefa71.js]
[cdnjs.cloudflare.com/ajax/libs/slick-carousel/1.8.1/slick-theme.min.css]
[cdnjs.cloudflare.com/ajax/libs/slick-carousel/1.8.1/slick.min.css]
[cdnjs.cloudflare.com/ajax/libs/slick-carousel/1.8.1/slick.min.js]
[www.natancunha.com/cart.html]
[natancunhashopbarber.mycartpanda.com/themes/void/310879/0/67038/compiled/timer_alla2a6.css]
[natancunhashopbarber.mycartpanda.com/themes/void/310879/0/67038/compiled/timer_new9de9.css]
[natancunhashopbarber.mycartpanda.com/themes/void/310879/67038/custom_cssdacb.css]
[www.natancunha.com/placeholders/image.svg]
[cdnjs.cloudflare.com/ajax/libs/handlebars.js/4.7.6/handlebars.min.js]
[natancunhashopbarber.mycartpanda.com/css/app.css]
[thumbor.cartpanda.com/16xuULdHLW3D9AsPXgCQ3Qtv9zk=/32x0/https_/assets.mycartpanda.com/static/favicons/cf/c6/88/1652093914.png]
[www.natancunha.com/account/login.html]
[www.natancunha.com/account/register.html]
[www.natancunha.com/Trident/index.html]
[natancunhashopbarber.mycartpanda.com/themes/void/310879/0/67038/images/gradient/g30.html]
[natancunhashopbarber.mycartpanda.com/themes/void/310879/0/67038/images/gradient/g40.html]
[natancunhashopbarber.mycartpanda.com/themes/void/310879/0/67038/external/rs-plugin/assets/shadow1.html]
[natancunhashopbarber.mycartpanda.com/themes/void/310879/0/67038/external/rs-plugin/assets/shadow2.html]
[natancunhashopbarber.mycartpanda.com/themes/void/310879/0/67038/external/rs-plugin/assets/shadow3.html]
[natancunhashopbarber.mycartpanda.com/themes/void/310879/0/67038/external/rs-plugin/assets/gridtile.html]
[natancunhashopbarber.mycartpanda.com/themes/void/310879/0/67038/external/rs-plugin/assets/gridtile_white.html]
[natancunhashopbarber.mycartpanda.com/themes/void/310879/0/67038/external/rs-plugin/assets/gridtile_3x3.html]
[natancunhashopbarber.mycartpanda.com/themes/void/310879/0/67038/external/rs-plugin/assets/gridtile_3x3_white.html]
[natancunhashopbarber.mycartpanda.com/themes/void/310879/0/67038/external/rs-plugin/assets/boxed_bgtile.html]
[natancunhashopbarber.mycartpanda.com/themes/void/310879/0/67038/external/rs-plugin/assets/navigdots_bgtile.html]
[natancunhashopbarber.mycartpanda.com/themes/void/310879/0/67038/external/rs-plugin/assets/bullets.html]
[natancunhashopbarber.mycartpanda.com/themes/void/310879/0/67038/external/rs-plugin/assets/bullets2.html]
[natancunhashopbarber.mycartpanda.com/themes/void/310879/0/67038/external/rs-plugin/assets/bullet_boxed.html]
[natancunhashopbarber.mycartpanda.com/themes/void/310879/0/67038/external/rs-plugin/assets/navigdots.html]
[natancunhashopbarber.mycartpanda.com/themes/void/310879/0/67038/external/rs-plugin/assets/large_left.html]
[natancunhashopbarber.mycartpanda.com/themes/void/310879/0/67038/external/rs-plugin/assets/large_right.html]
[natancunhashopbarber.mycartpanda.com/themes/void/310879/0/67038/compiled/small_left.html]
[natancunhashopbarber.mycartpanda.com/themes/void/310879/0/67038/compiled/small_right.html]
[natancunhashopbarber.mycartpanda.com/themes/void/310879/0/67038/external/rs-plugin/assets/arrow_left.html]
[natancunhashopbarber.mycartpanda.com/themes/void/310879/0/67038/external/rs-plugin/assets/arrow_right.html]
[natancunhashopbarber.mycartpanda.com/themes/void/310879/0/67038/external/rs-plugin/assets/small_left_boxed.html]
[natancunhashopbarber.mycartpanda.com/themes/void/310879/0/67038/external/rs-plugin/assets/small_right_boxed.html]
[natancunhashopbarber.mycartpanda.com/themes/void/310879/0/67038/external/rs-plugin/assets/arrowleft.html]
[natancunhashopbarber.mycartpanda.com/themes/void/310879/0/67038/external/rs-plugin/assets/arrowright.html]
[natancunhashopbarber.mycartpanda.com/themes/void/310879/0/67038/external/rs-plugin/assets/arrow_left2.html]
[natancunhashopbarber.mycartpanda.com/themes/void/310879/0/67038/external/rs-plugin/assets/arrow_right2.html]
[natancunhashopbarber.mycartpanda.com/themes/void/310879/0/67038/compiled/coloredbg.html]
[natancunhashopbarber.mycartpanda.com/themes/void/310879/0/67038/external/rs-plugin/assets/loader.html]
[natancunhashopbarber.mycartpanda.com/themes/void/310879/0/67038/compiled/tt-gift-box-border2.html]
[natancunhashopbarber.mycartpanda.com/themes/void/310879/0/67038/compiled/tt-gift-box-border1.html]
[natancunhashopbarber.mycartpanda.com/themes/void/310879/0/67038/compiled/cross_20.html]
[natancunhashopbarber.mycartpanda.com/themes/void/310879/0/67038/compiled/cross_40.html]
[natancunhashopbarber.mycartpanda.com/themes/void/310879/0/67038/compiled/cross_30.html]
[natancunhashopbarber.mycartpanda.com/themes/void/310879/0/67038/compiled/cross_60.html]
[natancunhashopbarber.mycartpanda.com/themes/void/310879/0/67038/compiled/popup_newsletter_image.html]
[www.natancunha.com/pages/Trident/index.html]
[www.natancunha.com/not-found.html]
[cdnjs.cloudflare.com/ajax/libs/slick-carousel/1.8.1/ajax-loader.gif]
[cdnjs.cloudflare.com/ajax/libs/slick-carousel/1.8.1/fonts/slick.eot]
[cdnjs.cloudflare.com/ajax/libs/slick-carousel/1.8.1/fonts/slickd41d.eot]
[cdnjs.cloudflare.com/ajax/libs/slick-carousel/1.8.1/fonts/slick.woff]
[cdnjs.cloudflare.com/ajax/libs/slick-carousel/1.8.1/fonts/slick.ttf]
[cdnjs.cloudflare.com/ajax/libs/slick-carousel/1.8.1/slick-theme.min.css]
[cdnjs.cloudflare.com/ajax/libs/slick-carousel/1.8.1/slick.min.css]
[cdnjs.cloudflare.com/ajax/libs/slick-carousel/1.8.1/fonts/slick.svg]
[natancunhashopbarber.mycartpanda.com/css/app.css]
[www.natancunha.com/not-found.html]
[cdnjs.cloudflare.com/ajax/libs/slick-carousel/1.8.1/fonts/slick.svg]
